// Jest Snapshot v1, https://goo.gl/fbAQLP

exports[`ContactView matches snapshot 1`] = `
<div class="contact">
  <form action=""><input type="text" placeholder="Correo electrÃ³nico"><textarea placeholder="Mensaje" rows="5" cols="30"></textarea><button type="submit">Enviar</button></form>
</div>
`;
